// Jest Snapshot v1, https://goo.gl/fbAQLP

exports[`Header shallow Header match Snapshot 1`] = `
ShallowWrapper {
  Symbol(enzyme.__root__): [Circular],
  Symbol(enzyme.__unrendered__): <Header
    backgroundImage="linear-gradient(26deg, rgb(52, 122, 124), rgb(138, 202, 199))"
    boxShadow="0px -3px 20px 0px"
    height="70px"
  />,
  Symbol(enzyme.__renderer__): Object {
    "batchedUpdates": [Function],
    "checkPropTypes": [Function],
    "getNode": [Function],
    "render": [Function],
    "simulateError": [Function],
    "simulateEvent": [Function],
    "unmount": [Function],
  },
  Symbol(enzyme.__node__): Object {
    "instance": null,
    "key": undefined,
    "nodeType": "class",
    "props": Object {
      "alignItems": "center",
      "children": undefined,
      "className": "undefined top-0",
      "container": true,
      "style": Object {
        "backgroundImage": "linear-gradient(26deg, rgb(52, 122, 124), rgb(138, 202, 199))",
        "boxShadow": "0px -3px 20px 0px",
        "height": "70px",
      },
    },
    "ref": null,
    "rendered": null,
    "type": [Function],
  },
  Symbol(enzyme.__nodes__): Array [
    Object {
      "instance": null,
      "key": undefined,
      "nodeType": "class",
      "props": Object {
        "alignItems": "center",
        "children": undefined,
        "className": "undefined top-0",
        "container": true,
        "style": Object {
          "backgroundImage": "linear-gradient(26deg, rgb(52, 122, 124), rgb(138, 202, 199))",
          "boxShadow": "0px -3px 20px 0px",
          "height": "70px",
        },
      },
      "ref": null,
      "rendered": null,
      "type": [Function],
    },
  ],
  Symbol(enzyme.__options__): Object {
    "adapter": ReactSixteenAdapter {
      "options": Object {
        "enableComponentDidUpdateOnSetState": true,
        "legacyContextMode": "parent",
        "lifecycles": Object {
          "componentDidUpdate": Object {
            "onSetState": true,
          },
          "getChildContext": Object {
            "calledByRenderer": false,
          },
          "getDerivedStateFromProps": true,
          "getSnapshotBeforeUpdate": true,
          "setState": Object {
            "skipsComponentDidUpdateOnNullish": true,
          },
        },
      },
    },
  },
  Symbol(enzyme.__childContext__): null,
}
`;
