// Jest Snapshot v1, https://goo.gl/fbAQLP

exports[`SeeAppBar match Snapshot 1`] = `
ShallowWrapper {
  Symbol(enzyme.__root__): [Circular],
  Symbol(enzyme.__unrendered__): <WithStyles(SeeAppBar)
    handleExit={[Function]}
    menuItems={
      Array [
        Object {
          "item": "SEUS OBJETIVOS",
          "onClick": [Function],
        },
        Object {
          "item": "INTELIGÊNCIA EM INVESTIMENTOS",
          "onClick": [Function],
        },
        Object {
          "item": "INFORMAÇÕES",
          "onClick": [Function],
        },
        Object {
          "item": "CONTATO",
          "onClick": [Function],
        },
      ]
    }
    mobileFooterBody="Última atualização 
20/09/1989"
    mobileFooterTitle="Ambiente atualizado diariamente"
    name="Rui Cavaleiro"
  />,
  Symbol(enzyme.__renderer__): Object {
    "batchedUpdates": [Function],
    "checkPropTypes": [Function],
    "getNode": [Function],
    "render": [Function],
    "simulateError": [Function],
    "simulateEvent": [Function],
    "unmount": [Function],
  },
  Symbol(enzyme.__node__): Object {
    "instance": null,
    "key": undefined,
    "nodeType": "class",
    "props": Object {
      "classes": Object {
        "exitButton": "SeeAppBar-exitButton-4",
        "iconButton": "SeeAppBar-iconButton-2",
        "menuGutters": "SeeAppBar-menuGutters-3",
        "toolbar": "SeeAppBar-toolbar-1",
      },
      "handleExit": [Function],
      "menuItems": Array [
        Object {
          "item": "SEUS OBJETIVOS",
          "onClick": [Function],
        },
        Object {
          "item": "INTELIGÊNCIA EM INVESTIMENTOS",
          "onClick": [Function],
        },
        Object {
          "item": "INFORMAÇÕES",
          "onClick": [Function],
        },
        Object {
          "item": "CONTATO",
          "onClick": [Function],
        },
      ],
      "mobileFooterBody": "Última atualização 
20/09/1989",
      "mobileFooterTitle": "Ambiente atualizado diariamente",
      "name": "Rui Cavaleiro",
    },
    "ref": null,
    "rendered": null,
    "type": [Function],
  },
  Symbol(enzyme.__nodes__): Array [
    Object {
      "instance": null,
      "key": undefined,
      "nodeType": "class",
      "props": Object {
        "classes": Object {
          "exitButton": "SeeAppBar-exitButton-4",
          "iconButton": "SeeAppBar-iconButton-2",
          "menuGutters": "SeeAppBar-menuGutters-3",
          "toolbar": "SeeAppBar-toolbar-1",
        },
        "handleExit": [Function],
        "menuItems": Array [
          Object {
            "item": "SEUS OBJETIVOS",
            "onClick": [Function],
          },
          Object {
            "item": "INTELIGÊNCIA EM INVESTIMENTOS",
            "onClick": [Function],
          },
          Object {
            "item": "INFORMAÇÕES",
            "onClick": [Function],
          },
          Object {
            "item": "CONTATO",
            "onClick": [Function],
          },
        ],
        "mobileFooterBody": "Última atualização 
20/09/1989",
        "mobileFooterTitle": "Ambiente atualizado diariamente",
        "name": "Rui Cavaleiro",
      },
      "ref": null,
      "rendered": null,
      "type": [Function],
    },
  ],
  Symbol(enzyme.__options__): Object {
    "adapter": ReactSixteenAdapter {
      "options": Object {
        "enableComponentDidUpdateOnSetState": true,
        "legacyContextMode": "parent",
        "lifecycles": Object {
          "componentDidUpdate": Object {
            "onSetState": true,
          },
          "getChildContext": Object {
            "calledByRenderer": false,
          },
          "getDerivedStateFromProps": true,
          "getSnapshotBeforeUpdate": true,
          "setState": Object {
            "skipsComponentDidUpdateOnNullish": true,
          },
        },
      },
    },
  },
}
`;
