// Jest Snapshot v1, https://goo.gl/fbAQLP

exports[`InitialScreen shallow InitialScreen match Snapshot 1`] = `
ShallowWrapper {
  Symbol(enzyme.__root__): [Circular],
  Symbol(enzyme.__unrendered__): <InitialScreen
    imageSrc="https://wallhalla.com/thumbs/preview/l/La748MeuPdY.jpg"
    middleBoxColor="#2b4e99"
    middleBoxFullScreen={false}
  >
    <h1
      className="roboto-light white"
    >
      Content Here
    </h1>
  </InitialScreen>,
  Symbol(enzyme.__renderer__): Object {
    "batchedUpdates": [Function],
    "getNode": [Function],
    "render": [Function],
    "simulateEvent": [Function],
    "unmount": [Function],
  },
  Symbol(enzyme.__node__): Object {
    "instance": null,
    "key": undefined,
    "nodeType": "host",
    "props": Object {
      "children": <div
        className="flex middleBox flex ab row justify-center items-center flex-wrap w-auto-ns h-auto-ns absolute"
        style={
          Object {
            "background": "inherit",
            "height": "",
            "overflow": "hidden",
            "width": "",
          }
        }
      >
        <div
          className="glassColor ma0-ns z-5 pa4"
          style={
            Object {
              "backgroundColor": "rgba(43, 78, 153, 0.6)",
              "height": "",
              "width": "",
            }
          }
        >
          <h1
            className="roboto-light white"
          >
            Content Here
          </h1>
        </div>
      </div>,
      "className": "flex justify-center absolute items-center w-100 h-100 cover",
      "style": Object {
        "backgroundAttachment": "fixed",
        "backgroundImage": "url(https://wallhalla.com/thumbs/preview/l/La748MeuPdY.jpg)",
        "backgroundRepeat": "no-repeat",
      },
    },
    "ref": null,
    "rendered": Object {
      "instance": null,
      "key": undefined,
      "nodeType": "host",
      "props": Object {
        "children": <div
          className="glassColor ma0-ns z-5 pa4"
          style={
            Object {
              "backgroundColor": "rgba(43, 78, 153, 0.6)",
              "height": "",
              "width": "",
            }
          }
        >
          <h1
            className="roboto-light white"
          >
            Content Here
          </h1>
        </div>,
        "className": "flex middleBox flex ab row justify-center items-center flex-wrap w-auto-ns h-auto-ns absolute",
        "style": Object {
          "background": "inherit",
          "height": "",
          "overflow": "hidden",
          "width": "",
        },
      },
      "ref": null,
      "rendered": Object {
        "instance": null,
        "key": undefined,
        "nodeType": "host",
        "props": Object {
          "children": <h1
            className="roboto-light white"
          >
            Content Here
          </h1>,
          "className": "glassColor ma0-ns z-5 pa4",
          "style": Object {
            "backgroundColor": "rgba(43, 78, 153, 0.6)",
            "height": "",
            "width": "",
          },
        },
        "ref": null,
        "rendered": Object {
          "instance": null,
          "key": undefined,
          "nodeType": "host",
          "props": Object {
            "children": "Content Here",
            "className": "roboto-light white",
          },
          "ref": null,
          "rendered": "Content Here",
          "type": "h1",
        },
        "type": "div",
      },
      "type": "div",
    },
    "type": "div",
  },
  Symbol(enzyme.__nodes__): Array [
    Object {
      "instance": null,
      "key": undefined,
      "nodeType": "host",
      "props": Object {
        "children": <div
          className="flex middleBox flex ab row justify-center items-center flex-wrap w-auto-ns h-auto-ns absolute"
          style={
            Object {
              "background": "inherit",
              "height": "",
              "overflow": "hidden",
              "width": "",
            }
          }
        >
          <div
            className="glassColor ma0-ns z-5 pa4"
            style={
              Object {
                "backgroundColor": "rgba(43, 78, 153, 0.6)",
                "height": "",
                "width": "",
              }
            }
          >
            <h1
              className="roboto-light white"
            >
              Content Here
            </h1>
          </div>
        </div>,
        "className": "flex justify-center absolute items-center w-100 h-100 cover",
        "style": Object {
          "backgroundAttachment": "fixed",
          "backgroundImage": "url(https://wallhalla.com/thumbs/preview/l/La748MeuPdY.jpg)",
          "backgroundRepeat": "no-repeat",
        },
      },
      "ref": null,
      "rendered": Object {
        "instance": null,
        "key": undefined,
        "nodeType": "host",
        "props": Object {
          "children": <div
            className="glassColor ma0-ns z-5 pa4"
            style={
              Object {
                "backgroundColor": "rgba(43, 78, 153, 0.6)",
                "height": "",
                "width": "",
              }
            }
          >
            <h1
              className="roboto-light white"
            >
              Content Here
            </h1>
          </div>,
          "className": "flex middleBox flex ab row justify-center items-center flex-wrap w-auto-ns h-auto-ns absolute",
          "style": Object {
            "background": "inherit",
            "height": "",
            "overflow": "hidden",
            "width": "",
          },
        },
        "ref": null,
        "rendered": Object {
          "instance": null,
          "key": undefined,
          "nodeType": "host",
          "props": Object {
            "children": <h1
              className="roboto-light white"
            >
              Content Here
            </h1>,
            "className": "glassColor ma0-ns z-5 pa4",
            "style": Object {
              "backgroundColor": "rgba(43, 78, 153, 0.6)",
              "height": "",
              "width": "",
            },
          },
          "ref": null,
          "rendered": Object {
            "instance": null,
            "key": undefined,
            "nodeType": "host",
            "props": Object {
              "children": "Content Here",
              "className": "roboto-light white",
            },
            "ref": null,
            "rendered": "Content Here",
            "type": "h1",
          },
          "type": "div",
        },
        "type": "div",
      },
      "type": "div",
    },
  ],
  Symbol(enzyme.__options__): Object {
    "adapter": ReactSixteenAdapter {
      "options": Object {
        "enableComponentDidUpdateOnSetState": true,
        "lifecycles": Object {
          "componentDidUpdate": Object {
            "onSetState": true,
          },
          "getDerivedStateFromProps": true,
          "getSnapshotBeforeUpdate": true,
          "setState": Object {
            "skipsComponentDidUpdateOnNullish": true,
          },
        },
      },
    },
    "attachTo": undefined,
    "hydrateIn": undefined,
  },
}
`;

exports[`initialScreen shallow InitialScreen match Snapshot 1`] = `
ShallowWrapper {
  Symbol(enzyme.__root__): [Circular],
  Symbol(enzyme.__unrendered__): <InitialScreen
    imageSrc="https://wallhalla.com/thumbs/preview/l/La748MeuPdY.jpg"
    middleBoxColor="#2b4e99"
    middleBoxFullScreen={false}
  >
    <h1
      className="roboto-light white"
    >
      Content Here
    </h1>
  </InitialScreen>,
  Symbol(enzyme.__renderer__): Object {
    "batchedUpdates": [Function],
    "getNode": [Function],
    "render": [Function],
    "simulateEvent": [Function],
    "unmount": [Function],
  },
  Symbol(enzyme.__node__): Object {
    "instance": null,
    "key": undefined,
    "nodeType": "host",
    "props": Object {
      "children": <div
        className="flex middleBox flex ab row justify-center items-center flex-wrap w-auto-ns h-auto-ns absolute"
        style={
          Object {
            "background": "inherit",
            "height": "",
            "overflow": "hidden",
            "width": "",
          }
        }
      >
        <div
          className="glassColor ma0-ns z-5 pa4"
          style={
            Object {
              "backgroundColor": "rgba(43, 78, 153, 0.6)",
              "height": "",
              "width": "",
            }
          }
        >
          <h1
            className="roboto-light white"
          >
            Content Here
          </h1>
        </div>
      </div>,
      "className": "flex justify-center absolute items-center w-100 h-100 cover",
      "style": Object {
        "backgroundAttachment": "fixed",
        "backgroundImage": "url(https://wallhalla.com/thumbs/preview/l/La748MeuPdY.jpg)",
        "backgroundRepeat": "no-repeat",
      },
    },
    "ref": null,
    "rendered": Object {
      "instance": null,
      "key": undefined,
      "nodeType": "host",
      "props": Object {
        "children": <div
          className="glassColor ma0-ns z-5 pa4"
          style={
            Object {
              "backgroundColor": "rgba(43, 78, 153, 0.6)",
              "height": "",
              "width": "",
            }
          }
        >
          <h1
            className="roboto-light white"
          >
            Content Here
          </h1>
        </div>,
        "className": "flex middleBox flex ab row justify-center items-center flex-wrap w-auto-ns h-auto-ns absolute",
        "style": Object {
          "background": "inherit",
          "height": "",
          "overflow": "hidden",
          "width": "",
        },
      },
      "ref": null,
      "rendered": Object {
        "instance": null,
        "key": undefined,
        "nodeType": "host",
        "props": Object {
          "children": <h1
            className="roboto-light white"
          >
            Content Here
          </h1>,
          "className": "glassColor ma0-ns z-5 pa4",
          "style": Object {
            "backgroundColor": "rgba(43, 78, 153, 0.6)",
            "height": "",
            "width": "",
          },
        },
        "ref": null,
        "rendered": Object {
          "instance": null,
          "key": undefined,
          "nodeType": "host",
          "props": Object {
            "children": "Content Here",
            "className": "roboto-light white",
          },
          "ref": null,
          "rendered": "Content Here",
          "type": "h1",
        },
        "type": "div",
      },
      "type": "div",
    },
    "type": "div",
  },
  Symbol(enzyme.__nodes__): Array [
    Object {
      "instance": null,
      "key": undefined,
      "nodeType": "host",
      "props": Object {
        "children": <div
          className="flex middleBox flex ab row justify-center items-center flex-wrap w-auto-ns h-auto-ns absolute"
          style={
            Object {
              "background": "inherit",
              "height": "",
              "overflow": "hidden",
              "width": "",
            }
          }
        >
          <div
            className="glassColor ma0-ns z-5 pa4"
            style={
              Object {
                "backgroundColor": "rgba(43, 78, 153, 0.6)",
                "height": "",
                "width": "",
              }
            }
          >
            <h1
              className="roboto-light white"
            >
              Content Here
            </h1>
          </div>
        </div>,
        "className": "flex justify-center absolute items-center w-100 h-100 cover",
        "style": Object {
          "backgroundAttachment": "fixed",
          "backgroundImage": "url(https://wallhalla.com/thumbs/preview/l/La748MeuPdY.jpg)",
          "backgroundRepeat": "no-repeat",
        },
      },
      "ref": null,
      "rendered": Object {
        "instance": null,
        "key": undefined,
        "nodeType": "host",
        "props": Object {
          "children": <div
            className="glassColor ma0-ns z-5 pa4"
            style={
              Object {
                "backgroundColor": "rgba(43, 78, 153, 0.6)",
                "height": "",
                "width": "",
              }
            }
          >
            <h1
              className="roboto-light white"
            >
              Content Here
            </h1>
          </div>,
          "className": "flex middleBox flex ab row justify-center items-center flex-wrap w-auto-ns h-auto-ns absolute",
          "style": Object {
            "background": "inherit",
            "height": "",
            "overflow": "hidden",
            "width": "",
          },
        },
        "ref": null,
        "rendered": Object {
          "instance": null,
          "key": undefined,
          "nodeType": "host",
          "props": Object {
            "children": <h1
              className="roboto-light white"
            >
              Content Here
            </h1>,
            "className": "glassColor ma0-ns z-5 pa4",
            "style": Object {
              "backgroundColor": "rgba(43, 78, 153, 0.6)",
              "height": "",
              "width": "",
            },
          },
          "ref": null,
          "rendered": Object {
            "instance": null,
            "key": undefined,
            "nodeType": "host",
            "props": Object {
              "children": "Content Here",
              "className": "roboto-light white",
            },
            "ref": null,
            "rendered": "Content Here",
            "type": "h1",
          },
          "type": "div",
        },
        "type": "div",
      },
      "type": "div",
    },
  ],
  Symbol(enzyme.__options__): Object {
    "adapter": ReactSixteenAdapter {
      "options": Object {
        "enableComponentDidUpdateOnSetState": true,
        "lifecycles": Object {
          "componentDidUpdate": Object {
            "onSetState": true,
          },
          "getDerivedStateFromProps": true,
          "getSnapshotBeforeUpdate": true,
          "setState": Object {
            "skipsComponentDidUpdateOnNullish": true,
          },
        },
      },
    },
    "attachTo": undefined,
    "hydrateIn": undefined,
  },
}
`;
