// Jest Snapshot v1, https://goo.gl/fbAQLP

exports[`ObjectiveCard shallow ObjectiveCard match Snapshot 1`] = `
ShallowWrapper {
  Symbol(enzyme.__root__): [Circular],
  Symbol(enzyme.__unrendered__): <ObjectiveCard
    subTitle="Valor total"
    titleProps={
      Object {
        "style": Object {},
      }
    }
  />,
  Symbol(enzyme.__renderer__): Object {
    "batchedUpdates": [Function],
    "checkPropTypes": [Function],
    "getNode": [Function],
    "render": [Function],
    "simulateError": [Function],
    "simulateEvent": [Function],
    "unmount": [Function],
  },
  Symbol(enzyme.__node__): Object {
    "instance": null,
    "key": undefined,
    "nodeType": "class",
    "props": Object {
      "children": Array [
        <div>
          <Typography
            align="center"
            style={Object {}}
            variant="h2"
          />
        </div>,
        <div>
          <Typography
            align="center"
            style={
              Object {
                "fontSize": "16px",
              }
            }
            variant="caption"
          >
            Valor total
          </Typography>
          <Typography
            align="center"
            variant="body2"
          >
            0
          </Typography>
        </div>,
      ],
      "className": "ph4 pv4 flex flex-column justify-between undefined",
      "elevation": 1,
    },
    "ref": null,
    "rendered": Array [
      Object {
        "instance": null,
        "key": undefined,
        "nodeType": "host",
        "props": Object {
          "children": <Typography
            align="center"
            style={Object {}}
            variant="h2"
          />,
        },
        "ref": null,
        "rendered": Object {
          "instance": null,
          "key": undefined,
          "nodeType": "class",
          "props": Object {
            "align": "center",
            "children": undefined,
            "style": Object {},
            "variant": "h2",
          },
          "ref": null,
          "rendered": null,
          "type": [Function],
        },
        "type": "div",
      },
      Object {
        "instance": null,
        "key": undefined,
        "nodeType": "host",
        "props": Object {
          "children": Array [
            <Typography
              align="center"
              style={
                Object {
                  "fontSize": "16px",
                }
              }
              variant="caption"
            >
              Valor total
            </Typography>,
            <Typography
              align="center"
              variant="body2"
            >
              0
            </Typography>,
          ],
        },
        "ref": null,
        "rendered": Array [
          Object {
            "instance": null,
            "key": undefined,
            "nodeType": "class",
            "props": Object {
              "align": "center",
              "children": "Valor total",
              "style": Object {
                "fontSize": "16px",
              },
              "variant": "caption",
            },
            "ref": null,
            "rendered": "Valor total",
            "type": [Function],
          },
          Object {
            "instance": null,
            "key": undefined,
            "nodeType": "class",
            "props": Object {
              "align": "center",
              "children": 0,
              "variant": "body2",
            },
            "ref": null,
            "rendered": 0,
            "type": [Function],
          },
        ],
        "type": "div",
      },
    ],
    "type": [Function],
  },
  Symbol(enzyme.__nodes__): Array [
    Object {
      "instance": null,
      "key": undefined,
      "nodeType": "class",
      "props": Object {
        "children": Array [
          <div>
            <Typography
              align="center"
              style={Object {}}
              variant="h2"
            />
          </div>,
          <div>
            <Typography
              align="center"
              style={
                Object {
                  "fontSize": "16px",
                }
              }
              variant="caption"
            >
              Valor total
            </Typography>
            <Typography
              align="center"
              variant="body2"
            >
              0
            </Typography>
          </div>,
        ],
        "className": "ph4 pv4 flex flex-column justify-between undefined",
        "elevation": 1,
      },
      "ref": null,
      "rendered": Array [
        Object {
          "instance": null,
          "key": undefined,
          "nodeType": "host",
          "props": Object {
            "children": <Typography
              align="center"
              style={Object {}}
              variant="h2"
            />,
          },
          "ref": null,
          "rendered": Object {
            "instance": null,
            "key": undefined,
            "nodeType": "class",
            "props": Object {
              "align": "center",
              "children": undefined,
              "style": Object {},
              "variant": "h2",
            },
            "ref": null,
            "rendered": null,
            "type": [Function],
          },
          "type": "div",
        },
        Object {
          "instance": null,
          "key": undefined,
          "nodeType": "host",
          "props": Object {
            "children": Array [
              <Typography
                align="center"
                style={
                  Object {
                    "fontSize": "16px",
                  }
                }
                variant="caption"
              >
                Valor total
              </Typography>,
              <Typography
                align="center"
                variant="body2"
              >
                0
              </Typography>,
            ],
          },
          "ref": null,
          "rendered": Array [
            Object {
              "instance": null,
              "key": undefined,
              "nodeType": "class",
              "props": Object {
                "align": "center",
                "children": "Valor total",
                "style": Object {
                  "fontSize": "16px",
                },
                "variant": "caption",
              },
              "ref": null,
              "rendered": "Valor total",
              "type": [Function],
            },
            Object {
              "instance": null,
              "key": undefined,
              "nodeType": "class",
              "props": Object {
                "align": "center",
                "children": 0,
                "variant": "body2",
              },
              "ref": null,
              "rendered": 0,
              "type": [Function],
            },
          ],
          "type": "div",
        },
      ],
      "type": [Function],
    },
  ],
  Symbol(enzyme.__options__): Object {
    "adapter": ReactSixteenAdapter {
      "options": Object {
        "enableComponentDidUpdateOnSetState": true,
        "legacyContextMode": "parent",
        "lifecycles": Object {
          "componentDidUpdate": Object {
            "onSetState": true,
          },
          "getChildContext": Object {
            "calledByRenderer": false,
          },
          "getDerivedStateFromProps": true,
          "getSnapshotBeforeUpdate": true,
          "setState": Object {
            "skipsComponentDidUpdateOnNullish": true,
          },
        },
      },
    },
  },
}
`;
