// Jest Snapshot v1, https://goo.gl/fbAQLP

exports[`PatrimonyResultChart shallow shallow PatrimonyResultChart match Snapshot 1`] = `
ShallowWrapper {
  Symbol(enzyme.__root__): [Circular],
  Symbol(enzyme.__unrendered__): <WithStyles(PatrimonyResultChart)
    investmentColor="#632B7D"
    investments={0}
    movableAssets={0}
    movableAssetsColor="#347A7C"
    realState={0}
    realStateColor="#5EB8C0"
  />,
  Symbol(enzyme.__renderer__): Object {
    "batchedUpdates": [Function],
    "checkPropTypes": [Function],
    "getNode": [Function],
    "render": [Function],
    "simulateError": [Function],
    "simulateEvent": [Function],
    "unmount": [Function],
  },
  Symbol(enzyme.__node__): Object {
    "instance": null,
    "key": undefined,
    "nodeType": "function",
    "props": Object {
      "classes": Object {
        "patrimony": "PatrimonyResultChart-patrimony-1",
      },
      "investmentColor": "#632B7D",
      "investments": 0,
      "movableAssets": 0,
      "movableAssetsColor": "#347A7C",
      "realState": 0,
      "realStateColor": "#5EB8C0",
    },
    "ref": null,
    "rendered": null,
    "type": [Function],
  },
  Symbol(enzyme.__nodes__): Array [
    Object {
      "instance": null,
      "key": undefined,
      "nodeType": "function",
      "props": Object {
        "classes": Object {
          "patrimony": "PatrimonyResultChart-patrimony-1",
        },
        "investmentColor": "#632B7D",
        "investments": 0,
        "movableAssets": 0,
        "movableAssetsColor": "#347A7C",
        "realState": 0,
        "realStateColor": "#5EB8C0",
      },
      "ref": null,
      "rendered": null,
      "type": [Function],
    },
  ],
  Symbol(enzyme.__options__): Object {
    "adapter": ReactSixteenAdapter {
      "options": Object {
        "enableComponentDidUpdateOnSetState": true,
        "legacyContextMode": "parent",
        "lifecycles": Object {
          "componentDidUpdate": Object {
            "onSetState": true,
          },
          "getChildContext": Object {
            "calledByRenderer": false,
          },
          "getDerivedStateFromProps": true,
          "getSnapshotBeforeUpdate": true,
          "setState": Object {
            "skipsComponentDidUpdateOnNullish": true,
          },
        },
      },
    },
  },
  Symbol(enzyme.__childContext__): null,
}
`;
