// Jest Snapshot v1, https://goo.gl/fbAQLP

exports[`Input shallow Input match Snapshot 1`] = `
ShallowWrapper {
  Symbol(enzyme.__root__): [Circular],
  Symbol(enzyme.__unrendered__): <Input
    id="textField"
    label=""
    margin="normal"
    maxWidth="100%"
    minWidth="0"
    required={false}
    showHelper={false}
    spellCheck={false}
    value=""
  />,
  Symbol(enzyme.__renderer__): Object {
    "batchedUpdates": [Function],
    "checkPropTypes": [Function],
    "getNode": [Function],
    "render": [Function],
    "simulateError": [Function],
    "simulateEvent": [Function],
    "unmount": [Function],
  },
  Symbol(enzyme.__node__): Object {
    "instance": null,
    "key": undefined,
    "nodeType": "class",
    "props": Object {
      "aria-describedby": "textField",
      "children": Array [
        <WithStyles(Input)
          error={false}
          id="textField"
          label=""
          margin="normal"
          onBlur={[Function]}
          onChange={[Function]}
          onFocus={[Function]}
          required={false}
          spellCheck={false}
          value=""
        />,
        false,
        false,
      ],
      "required": false,
      "style": Object {
        "maxWidth": "100%",
        "minWidth": "0",
      },
    },
    "ref": null,
    "rendered": Array [
      Object {
        "instance": null,
        "key": undefined,
        "nodeType": "class",
        "props": Object {
          "autoFocus": undefined,
          "error": false,
          "id": "textField",
          "label": "",
          "margin": "normal",
          "onBlur": [Function],
          "onChange": [Function],
          "onFocus": [Function],
          "required": false,
          "spellCheck": false,
          "type": undefined,
          "value": "",
        },
        "ref": null,
        "rendered": null,
        "type": [Function],
      },
      false,
      false,
    ],
    "type": [Function],
  },
  Symbol(enzyme.__nodes__): Array [
    Object {
      "instance": null,
      "key": undefined,
      "nodeType": "class",
      "props": Object {
        "aria-describedby": "textField",
        "children": Array [
          <WithStyles(Input)
            error={false}
            id="textField"
            label=""
            margin="normal"
            onBlur={[Function]}
            onChange={[Function]}
            onFocus={[Function]}
            required={false}
            spellCheck={false}
            value=""
          />,
          false,
          false,
        ],
        "required": false,
        "style": Object {
          "maxWidth": "100%",
          "minWidth": "0",
        },
      },
      "ref": null,
      "rendered": Array [
        Object {
          "instance": null,
          "key": undefined,
          "nodeType": "class",
          "props": Object {
            "autoFocus": undefined,
            "error": false,
            "id": "textField",
            "label": "",
            "margin": "normal",
            "onBlur": [Function],
            "onChange": [Function],
            "onFocus": [Function],
            "required": false,
            "spellCheck": false,
            "type": undefined,
            "value": "",
          },
          "ref": null,
          "rendered": null,
          "type": [Function],
        },
        false,
        false,
      ],
      "type": [Function],
    },
  ],
  Symbol(enzyme.__options__): Object {
    "adapter": ReactSixteenAdapter {
      "options": Object {
        "enableComponentDidUpdateOnSetState": true,
        "legacyContextMode": "parent",
        "lifecycles": Object {
          "componentDidUpdate": Object {
            "onSetState": true,
          },
          "getChildContext": Object {
            "calledByRenderer": false,
          },
          "getDerivedStateFromProps": true,
          "getSnapshotBeforeUpdate": true,
          "setState": Object {
            "skipsComponentDidUpdateOnNullish": true,
          },
        },
      },
    },
  },
  Symbol(enzyme.__childContext__): null,
}
`;
