// Jest Snapshot v1, https://goo.gl/fbAQLP

exports[`LegendChart shallow LegendChart match Snapshot 1`] = `
ShallowWrapper {
  Symbol(enzyme.__root__): [Circular],
  Symbol(enzyme.__unrendered__): <LegendChart
    initialInvestment={200000}
    showPercentage={true}
    strategies={
      Array [
        Array [
          "Ações",
          0,
        ],
        Array [
          "Renda Fixa Pós-Fixado",
          162800,
        ],
        Array [
          "Renda Fixa Pré-Fixado",
          0,
        ],
        Array [
          "Renda Fixa Inflação",
          0,
        ],
        Array [
          "Multimercado",
          17000,
        ],
        Array [
          "Internacional",
          0,
        ],
        Array [
          "Fundo Imobiliário",
          20200,
        ],
        Array [
          "Previdência",
          0,
        ],
      ]
    }
  />,
  Symbol(enzyme.__renderer__): Object {
    "batchedUpdates": [Function],
    "getNode": [Function],
    "render": [Function],
    "simulateError": [Function],
    "simulateEvent": [Function],
    "unmount": [Function],
  },
  Symbol(enzyme.__node__): Object {
    "instance": null,
    "key": undefined,
    "nodeType": "class",
    "props": Object {
      "children": Array [
        <Grid
          className="mb3 ml3"
          container={true}
          direction="column"
        >
          <Grid
            alignItems="center"
            container={true}
            direction="row"
          >
            <Grid
              className="mr2"
              style={
                Object {
                  "backgroundColor": "#94ba1d",
                  "height": 15,
                  "width": 15,
                }
              }
            />
            <Grid>
              <Typography>
                81,4
                %
              </Typography>
            </Grid>
            <Grid
              className="roboto-medium"
              container={true}
              style={
                Object {
                  "color": "#94ba1d",
                }
              }
            >
              Renda Fixa Pós-Fixado
            </Grid>
          </Grid>
        </Grid>,
        <Grid
          className="mb3 ml3"
          container={true}
          direction="column"
        >
          <Grid
            alignItems="center"
            container={true}
            direction="row"
          >
            <Grid
              className="mr2"
              style={
                Object {
                  "backgroundColor": "#007CA3",
                  "height": 15,
                  "width": 15,
                }
              }
            />
            <Grid>
              <Typography>
                8,5
                %
              </Typography>
            </Grid>
            <Grid
              className="roboto-medium"
              container={true}
              style={
                Object {
                  "color": "#007CA3",
                }
              }
            >
              Multimercado
            </Grid>
          </Grid>
        </Grid>,
        <Grid
          className="mb3 ml3"
          container={true}
          direction="column"
        >
          <Grid
            alignItems="center"
            container={true}
            direction="row"
          >
            <Grid
              className="mr2"
              style={
                Object {
                  "backgroundColor": "#632B7D",
                  "height": 15,
                  "width": 15,
                }
              }
            />
            <Grid>
              <Typography>
                10,1
                %
              </Typography>
            </Grid>
            <Grid
              className="roboto-medium"
              container={true}
              style={
                Object {
                  "color": "#632B7D",
                }
              }
            >
              Fundo Imobiliário
            </Grid>
          </Grid>
        </Grid>,
      ],
      "container": true,
      "direction": "column",
    },
    "ref": null,
    "rendered": Array [
      Object {
        "instance": null,
        "key": "Renda Fixa Pós-Fixado",
        "nodeType": "class",
        "props": Object {
          "children": <Grid
            alignItems="center"
            container={true}
            direction="row"
          >
            <Grid
              className="mr2"
              style={
                Object {
                  "backgroundColor": "#94ba1d",
                  "height": 15,
                  "width": 15,
                }
              }
            />
            <Grid>
              <Typography>
                81,4
                %
              </Typography>
            </Grid>
            <Grid
              className="roboto-medium"
              container={true}
              style={
                Object {
                  "color": "#94ba1d",
                }
              }
            >
              Renda Fixa Pós-Fixado
            </Grid>
          </Grid>,
          "className": "mb3 ml3",
          "container": true,
          "direction": "column",
        },
        "ref": null,
        "rendered": Object {
          "instance": null,
          "key": undefined,
          "nodeType": "class",
          "props": Object {
            "alignItems": "center",
            "children": Array [
              <Grid
                className="mr2"
                style={
                  Object {
                    "backgroundColor": "#94ba1d",
                    "height": 15,
                    "width": 15,
                  }
                }
              />,
              <Grid>
                <Typography>
                  81,4
                  %
                </Typography>
              </Grid>,
              <Grid
                className="roboto-medium"
                container={true}
                style={
                  Object {
                    "color": "#94ba1d",
                  }
                }
              >
                Renda Fixa Pós-Fixado
              </Grid>,
            ],
            "container": true,
            "direction": "row",
          },
          "ref": null,
          "rendered": Array [
            Object {
              "instance": null,
              "key": undefined,
              "nodeType": "class",
              "props": Object {
                "className": "mr2",
                "style": Object {
                  "backgroundColor": "#94ba1d",
                  "height": 15,
                  "width": 15,
                },
              },
              "ref": null,
              "rendered": null,
              "type": [Function],
            },
            Object {
              "instance": null,
              "key": undefined,
              "nodeType": "class",
              "props": Object {
                "children": <Typography>
                  81,4
                  %
                </Typography>,
              },
              "ref": null,
              "rendered": Object {
                "instance": null,
                "key": undefined,
                "nodeType": "class",
                "props": Object {
                  "children": Array [
                    "81,4",
                    "%",
                  ],
                },
                "ref": null,
                "rendered": Array [
                  "81,4",
                  "%",
                ],
                "type": [Function],
              },
              "type": [Function],
            },
            Object {
              "instance": null,
              "key": undefined,
              "nodeType": "class",
              "props": Object {
                "children": "Renda Fixa Pós-Fixado",
                "className": "roboto-medium",
                "container": true,
                "style": Object {
                  "color": "#94ba1d",
                },
              },
              "ref": null,
              "rendered": "Renda Fixa Pós-Fixado",
              "type": [Function],
            },
          ],
          "type": [Function],
        },
        "type": [Function],
      },
      Object {
        "instance": null,
        "key": "Multimercado",
        "nodeType": "class",
        "props": Object {
          "children": <Grid
            alignItems="center"
            container={true}
            direction="row"
          >
            <Grid
              className="mr2"
              style={
                Object {
                  "backgroundColor": "#007CA3",
                  "height": 15,
                  "width": 15,
                }
              }
            />
            <Grid>
              <Typography>
                8,5
                %
              </Typography>
            </Grid>
            <Grid
              className="roboto-medium"
              container={true}
              style={
                Object {
                  "color": "#007CA3",
                }
              }
            >
              Multimercado
            </Grid>
          </Grid>,
          "className": "mb3 ml3",
          "container": true,
          "direction": "column",
        },
        "ref": null,
        "rendered": Object {
          "instance": null,
          "key": undefined,
          "nodeType": "class",
          "props": Object {
            "alignItems": "center",
            "children": Array [
              <Grid
                className="mr2"
                style={
                  Object {
                    "backgroundColor": "#007CA3",
                    "height": 15,
                    "width": 15,
                  }
                }
              />,
              <Grid>
                <Typography>
                  8,5
                  %
                </Typography>
              </Grid>,
              <Grid
                className="roboto-medium"
                container={true}
                style={
                  Object {
                    "color": "#007CA3",
                  }
                }
              >
                Multimercado
              </Grid>,
            ],
            "container": true,
            "direction": "row",
          },
          "ref": null,
          "rendered": Array [
            Object {
              "instance": null,
              "key": undefined,
              "nodeType": "class",
              "props": Object {
                "className": "mr2",
                "style": Object {
                  "backgroundColor": "#007CA3",
                  "height": 15,
                  "width": 15,
                },
              },
              "ref": null,
              "rendered": null,
              "type": [Function],
            },
            Object {
              "instance": null,
              "key": undefined,
              "nodeType": "class",
              "props": Object {
                "children": <Typography>
                  8,5
                  %
                </Typography>,
              },
              "ref": null,
              "rendered": Object {
                "instance": null,
                "key": undefined,
                "nodeType": "class",
                "props": Object {
                  "children": Array [
                    "8,5",
                    "%",
                  ],
                },
                "ref": null,
                "rendered": Array [
                  "8,5",
                  "%",
                ],
                "type": [Function],
              },
              "type": [Function],
            },
            Object {
              "instance": null,
              "key": undefined,
              "nodeType": "class",
              "props": Object {
                "children": "Multimercado",
                "className": "roboto-medium",
                "container": true,
                "style": Object {
                  "color": "#007CA3",
                },
              },
              "ref": null,
              "rendered": "Multimercado",
              "type": [Function],
            },
          ],
          "type": [Function],
        },
        "type": [Function],
      },
      Object {
        "instance": null,
        "key": "Fundo Imobiliário",
        "nodeType": "class",
        "props": Object {
          "children": <Grid
            alignItems="center"
            container={true}
            direction="row"
          >
            <Grid
              className="mr2"
              style={
                Object {
                  "backgroundColor": "#632B7D",
                  "height": 15,
                  "width": 15,
                }
              }
            />
            <Grid>
              <Typography>
                10,1
                %
              </Typography>
            </Grid>
            <Grid
              className="roboto-medium"
              container={true}
              style={
                Object {
                  "color": "#632B7D",
                }
              }
            >
              Fundo Imobiliário
            </Grid>
          </Grid>,
          "className": "mb3 ml3",
          "container": true,
          "direction": "column",
        },
        "ref": null,
        "rendered": Object {
          "instance": null,
          "key": undefined,
          "nodeType": "class",
          "props": Object {
            "alignItems": "center",
            "children": Array [
              <Grid
                className="mr2"
                style={
                  Object {
                    "backgroundColor": "#632B7D",
                    "height": 15,
                    "width": 15,
                  }
                }
              />,
              <Grid>
                <Typography>
                  10,1
                  %
                </Typography>
              </Grid>,
              <Grid
                className="roboto-medium"
                container={true}
                style={
                  Object {
                    "color": "#632B7D",
                  }
                }
              >
                Fundo Imobiliário
              </Grid>,
            ],
            "container": true,
            "direction": "row",
          },
          "ref": null,
          "rendered": Array [
            Object {
              "instance": null,
              "key": undefined,
              "nodeType": "class",
              "props": Object {
                "className": "mr2",
                "style": Object {
                  "backgroundColor": "#632B7D",
                  "height": 15,
                  "width": 15,
                },
              },
              "ref": null,
              "rendered": null,
              "type": [Function],
            },
            Object {
              "instance": null,
              "key": undefined,
              "nodeType": "class",
              "props": Object {
                "children": <Typography>
                  10,1
                  %
                </Typography>,
              },
              "ref": null,
              "rendered": Object {
                "instance": null,
                "key": undefined,
                "nodeType": "class",
                "props": Object {
                  "children": Array [
                    "10,1",
                    "%",
                  ],
                },
                "ref": null,
                "rendered": Array [
                  "10,1",
                  "%",
                ],
                "type": [Function],
              },
              "type": [Function],
            },
            Object {
              "instance": null,
              "key": undefined,
              "nodeType": "class",
              "props": Object {
                "children": "Fundo Imobiliário",
                "className": "roboto-medium",
                "container": true,
                "style": Object {
                  "color": "#632B7D",
                },
              },
              "ref": null,
              "rendered": "Fundo Imobiliário",
              "type": [Function],
            },
          ],
          "type": [Function],
        },
        "type": [Function],
      },
    ],
    "type": [Function],
  },
  Symbol(enzyme.__nodes__): Array [
    Object {
      "instance": null,
      "key": undefined,
      "nodeType": "class",
      "props": Object {
        "children": Array [
          <Grid
            className="mb3 ml3"
            container={true}
            direction="column"
          >
            <Grid
              alignItems="center"
              container={true}
              direction="row"
            >
              <Grid
                className="mr2"
                style={
                  Object {
                    "backgroundColor": "#94ba1d",
                    "height": 15,
                    "width": 15,
                  }
                }
              />
              <Grid>
                <Typography>
                  81,4
                  %
                </Typography>
              </Grid>
              <Grid
                className="roboto-medium"
                container={true}
                style={
                  Object {
                    "color": "#94ba1d",
                  }
                }
              >
                Renda Fixa Pós-Fixado
              </Grid>
            </Grid>
          </Grid>,
          <Grid
            className="mb3 ml3"
            container={true}
            direction="column"
          >
            <Grid
              alignItems="center"
              container={true}
              direction="row"
            >
              <Grid
                className="mr2"
                style={
                  Object {
                    "backgroundColor": "#007CA3",
                    "height": 15,
                    "width": 15,
                  }
                }
              />
              <Grid>
                <Typography>
                  8,5
                  %
                </Typography>
              </Grid>
              <Grid
                className="roboto-medium"
                container={true}
                style={
                  Object {
                    "color": "#007CA3",
                  }
                }
              >
                Multimercado
              </Grid>
            </Grid>
          </Grid>,
          <Grid
            className="mb3 ml3"
            container={true}
            direction="column"
          >
            <Grid
              alignItems="center"
              container={true}
              direction="row"
            >
              <Grid
                className="mr2"
                style={
                  Object {
                    "backgroundColor": "#632B7D",
                    "height": 15,
                    "width": 15,
                  }
                }
              />
              <Grid>
                <Typography>
                  10,1
                  %
                </Typography>
              </Grid>
              <Grid
                className="roboto-medium"
                container={true}
                style={
                  Object {
                    "color": "#632B7D",
                  }
                }
              >
                Fundo Imobiliário
              </Grid>
            </Grid>
          </Grid>,
        ],
        "container": true,
        "direction": "column",
      },
      "ref": null,
      "rendered": Array [
        Object {
          "instance": null,
          "key": "Renda Fixa Pós-Fixado",
          "nodeType": "class",
          "props": Object {
            "children": <Grid
              alignItems="center"
              container={true}
              direction="row"
            >
              <Grid
                className="mr2"
                style={
                  Object {
                    "backgroundColor": "#94ba1d",
                    "height": 15,
                    "width": 15,
                  }
                }
              />
              <Grid>
                <Typography>
                  81,4
                  %
                </Typography>
              </Grid>
              <Grid
                className="roboto-medium"
                container={true}
                style={
                  Object {
                    "color": "#94ba1d",
                  }
                }
              >
                Renda Fixa Pós-Fixado
              </Grid>
            </Grid>,
            "className": "mb3 ml3",
            "container": true,
            "direction": "column",
          },
          "ref": null,
          "rendered": Object {
            "instance": null,
            "key": undefined,
            "nodeType": "class",
            "props": Object {
              "alignItems": "center",
              "children": Array [
                <Grid
                  className="mr2"
                  style={
                    Object {
                      "backgroundColor": "#94ba1d",
                      "height": 15,
                      "width": 15,
                    }
                  }
                />,
                <Grid>
                  <Typography>
                    81,4
                    %
                  </Typography>
                </Grid>,
                <Grid
                  className="roboto-medium"
                  container={true}
                  style={
                    Object {
                      "color": "#94ba1d",
                    }
                  }
                >
                  Renda Fixa Pós-Fixado
                </Grid>,
              ],
              "container": true,
              "direction": "row",
            },
            "ref": null,
            "rendered": Array [
              Object {
                "instance": null,
                "key": undefined,
                "nodeType": "class",
                "props": Object {
                  "className": "mr2",
                  "style": Object {
                    "backgroundColor": "#94ba1d",
                    "height": 15,
                    "width": 15,
                  },
                },
                "ref": null,
                "rendered": null,
                "type": [Function],
              },
              Object {
                "instance": null,
                "key": undefined,
                "nodeType": "class",
                "props": Object {
                  "children": <Typography>
                    81,4
                    %
                  </Typography>,
                },
                "ref": null,
                "rendered": Object {
                  "instance": null,
                  "key": undefined,
                  "nodeType": "class",
                  "props": Object {
                    "children": Array [
                      "81,4",
                      "%",
                    ],
                  },
                  "ref": null,
                  "rendered": Array [
                    "81,4",
                    "%",
                  ],
                  "type": [Function],
                },
                "type": [Function],
              },
              Object {
                "instance": null,
                "key": undefined,
                "nodeType": "class",
                "props": Object {
                  "children": "Renda Fixa Pós-Fixado",
                  "className": "roboto-medium",
                  "container": true,
                  "style": Object {
                    "color": "#94ba1d",
                  },
                },
                "ref": null,
                "rendered": "Renda Fixa Pós-Fixado",
                "type": [Function],
              },
            ],
            "type": [Function],
          },
          "type": [Function],
        },
        Object {
          "instance": null,
          "key": "Multimercado",
          "nodeType": "class",
          "props": Object {
            "children": <Grid
              alignItems="center"
              container={true}
              direction="row"
            >
              <Grid
                className="mr2"
                style={
                  Object {
                    "backgroundColor": "#007CA3",
                    "height": 15,
                    "width": 15,
                  }
                }
              />
              <Grid>
                <Typography>
                  8,5
                  %
                </Typography>
              </Grid>
              <Grid
                className="roboto-medium"
                container={true}
                style={
                  Object {
                    "color": "#007CA3",
                  }
                }
              >
                Multimercado
              </Grid>
            </Grid>,
            "className": "mb3 ml3",
            "container": true,
            "direction": "column",
          },
          "ref": null,
          "rendered": Object {
            "instance": null,
            "key": undefined,
            "nodeType": "class",
            "props": Object {
              "alignItems": "center",
              "children": Array [
                <Grid
                  className="mr2"
                  style={
                    Object {
                      "backgroundColor": "#007CA3",
                      "height": 15,
                      "width": 15,
                    }
                  }
                />,
                <Grid>
                  <Typography>
                    8,5
                    %
                  </Typography>
                </Grid>,
                <Grid
                  className="roboto-medium"
                  container={true}
                  style={
                    Object {
                      "color": "#007CA3",
                    }
                  }
                >
                  Multimercado
                </Grid>,
              ],
              "container": true,
              "direction": "row",
            },
            "ref": null,
            "rendered": Array [
              Object {
                "instance": null,
                "key": undefined,
                "nodeType": "class",
                "props": Object {
                  "className": "mr2",
                  "style": Object {
                    "backgroundColor": "#007CA3",
                    "height": 15,
                    "width": 15,
                  },
                },
                "ref": null,
                "rendered": null,
                "type": [Function],
              },
              Object {
                "instance": null,
                "key": undefined,
                "nodeType": "class",
                "props": Object {
                  "children": <Typography>
                    8,5
                    %
                  </Typography>,
                },
                "ref": null,
                "rendered": Object {
                  "instance": null,
                  "key": undefined,
                  "nodeType": "class",
                  "props": Object {
                    "children": Array [
                      "8,5",
                      "%",
                    ],
                  },
                  "ref": null,
                  "rendered": Array [
                    "8,5",
                    "%",
                  ],
                  "type": [Function],
                },
                "type": [Function],
              },
              Object {
                "instance": null,
                "key": undefined,
                "nodeType": "class",
                "props": Object {
                  "children": "Multimercado",
                  "className": "roboto-medium",
                  "container": true,
                  "style": Object {
                    "color": "#007CA3",
                  },
                },
                "ref": null,
                "rendered": "Multimercado",
                "type": [Function],
              },
            ],
            "type": [Function],
          },
          "type": [Function],
        },
        Object {
          "instance": null,
          "key": "Fundo Imobiliário",
          "nodeType": "class",
          "props": Object {
            "children": <Grid
              alignItems="center"
              container={true}
              direction="row"
            >
              <Grid
                className="mr2"
                style={
                  Object {
                    "backgroundColor": "#632B7D",
                    "height": 15,
                    "width": 15,
                  }
                }
              />
              <Grid>
                <Typography>
                  10,1
                  %
                </Typography>
              </Grid>
              <Grid
                className="roboto-medium"
                container={true}
                style={
                  Object {
                    "color": "#632B7D",
                  }
                }
              >
                Fundo Imobiliário
              </Grid>
            </Grid>,
            "className": "mb3 ml3",
            "container": true,
            "direction": "column",
          },
          "ref": null,
          "rendered": Object {
            "instance": null,
            "key": undefined,
            "nodeType": "class",
            "props": Object {
              "alignItems": "center",
              "children": Array [
                <Grid
                  className="mr2"
                  style={
                    Object {
                      "backgroundColor": "#632B7D",
                      "height": 15,
                      "width": 15,
                    }
                  }
                />,
                <Grid>
                  <Typography>
                    10,1
                    %
                  </Typography>
                </Grid>,
                <Grid
                  className="roboto-medium"
                  container={true}
                  style={
                    Object {
                      "color": "#632B7D",
                    }
                  }
                >
                  Fundo Imobiliário
                </Grid>,
              ],
              "container": true,
              "direction": "row",
            },
            "ref": null,
            "rendered": Array [
              Object {
                "instance": null,
                "key": undefined,
                "nodeType": "class",
                "props": Object {
                  "className": "mr2",
                  "style": Object {
                    "backgroundColor": "#632B7D",
                    "height": 15,
                    "width": 15,
                  },
                },
                "ref": null,
                "rendered": null,
                "type": [Function],
              },
              Object {
                "instance": null,
                "key": undefined,
                "nodeType": "class",
                "props": Object {
                  "children": <Typography>
                    10,1
                    %
                  </Typography>,
                },
                "ref": null,
                "rendered": Object {
                  "instance": null,
                  "key": undefined,
                  "nodeType": "class",
                  "props": Object {
                    "children": Array [
                      "10,1",
                      "%",
                    ],
                  },
                  "ref": null,
                  "rendered": Array [
                    "10,1",
                    "%",
                  ],
                  "type": [Function],
                },
                "type": [Function],
              },
              Object {
                "instance": null,
                "key": undefined,
                "nodeType": "class",
                "props": Object {
                  "children": "Fundo Imobiliário",
                  "className": "roboto-medium",
                  "container": true,
                  "style": Object {
                    "color": "#632B7D",
                  },
                },
                "ref": null,
                "rendered": "Fundo Imobiliário",
                "type": [Function],
              },
            ],
            "type": [Function],
          },
          "type": [Function],
        },
      ],
      "type": [Function],
    },
  ],
  Symbol(enzyme.__options__): Object {
    "adapter": ReactSixteenAdapter {
      "options": Object {
        "enableComponentDidUpdateOnSetState": true,
        "lifecycles": Object {
          "componentDidUpdate": Object {
            "onSetState": true,
          },
          "getDerivedStateFromProps": true,
          "getSnapshotBeforeUpdate": true,
          "setState": Object {
            "skipsComponentDidUpdateOnNullish": true,
          },
        },
      },
    },
  },
}
`;
