// Jest Snapshot v1, https://goo.gl/fbAQLP

exports[`YourFinances shallow YourFinances match Snapshot 1`] = `
ShallowWrapper {
  Symbol(enzyme.__root__): [Circular],
  Symbol(enzyme.__unrendered__): <YourFinances
    expenses={1000}
    incomes={4500}
  />,
  Symbol(enzyme.__renderer__): Object {
    "batchedUpdates": [Function],
    "checkPropTypes": [Function],
    "getNode": [Function],
    "render": [Function],
    "simulateError": [Function],
    "simulateEvent": [Function],
    "unmount": [Function],
  },
  Symbol(enzyme.__node__): Object {
    "instance": null,
    "key": undefined,
    "nodeType": "class",
    "props": Object {
      "children": Array [
        <Grid
          container={true}
          justify="space-between"
        >
          <Typography>
            Rendas 
          </Typography>
          <Typography>
            R$ 4,500 00
          </Typography>
        </Grid>,
        <Grid
          className="mb3 mt1"
          style={
            Object {
              "backgroundColor": "#94BA1D",
              "height": 2,
              "width": "100%",
            }
          }
        />,
        <Grid
          container={true}
          justify="space-between"
        >
          <Typography>
            Despesas
          </Typography>
          <Typography>
            R$ 1,000 00
          </Typography>
        </Grid>,
        <Grid
          className="mb3 mt1"
          style={
            Object {
              "backgroundColor": "#BA2B31",
              "height": 2,
              "width": "22.2%",
            }
          }
        />,
        <Grid>
          <Grid
            container={true}
            justify="space-between"
          >
            <Typography>
              <b>
                Saldo para investir 
              </b>
            </Typography>
            <Typography>
              <b>
                R$ 3,500 00
              </b>
            </Typography>
          </Grid>
          <Grid
            className="mt1"
            style={
              Object {
                "backgroundColor": "#007CA3",
                "height": 2,
                "width": "77.8%",
              }
            }
          />
        </Grid>,
      ],
      "className": "mb3",
      "container": true,
      "direction": "column",
    },
    "ref": null,
    "rendered": Array [
      Object {
        "instance": null,
        "key": undefined,
        "nodeType": "class",
        "props": Object {
          "children": Array [
            <Typography>
              Rendas 
            </Typography>,
            <Typography>
              R$ 4,500 00
            </Typography>,
          ],
          "container": true,
          "justify": "space-between",
        },
        "ref": null,
        "rendered": Array [
          Object {
            "instance": null,
            "key": undefined,
            "nodeType": "class",
            "props": Object {
              "children": "Rendas ",
            },
            "ref": null,
            "rendered": "Rendas ",
            "type": [Function],
          },
          Object {
            "instance": null,
            "key": undefined,
            "nodeType": "class",
            "props": Object {
              "children": "R$ 4,500 00",
            },
            "ref": null,
            "rendered": "R$ 4,500 00",
            "type": [Function],
          },
        ],
        "type": [Function],
      },
      Object {
        "instance": null,
        "key": undefined,
        "nodeType": "class",
        "props": Object {
          "className": "mb3 mt1",
          "style": Object {
            "backgroundColor": "#94BA1D",
            "height": 2,
            "width": "100%",
          },
        },
        "ref": null,
        "rendered": null,
        "type": [Function],
      },
      Object {
        "instance": null,
        "key": undefined,
        "nodeType": "class",
        "props": Object {
          "children": Array [
            <Typography>
              Despesas
            </Typography>,
            <Typography>
              R$ 1,000 00
            </Typography>,
          ],
          "container": true,
          "justify": "space-between",
        },
        "ref": null,
        "rendered": Array [
          Object {
            "instance": null,
            "key": undefined,
            "nodeType": "class",
            "props": Object {
              "children": "Despesas",
            },
            "ref": null,
            "rendered": "Despesas",
            "type": [Function],
          },
          Object {
            "instance": null,
            "key": undefined,
            "nodeType": "class",
            "props": Object {
              "children": "R$ 1,000 00",
            },
            "ref": null,
            "rendered": "R$ 1,000 00",
            "type": [Function],
          },
        ],
        "type": [Function],
      },
      Object {
        "instance": null,
        "key": undefined,
        "nodeType": "class",
        "props": Object {
          "className": "mb3 mt1",
          "style": Object {
            "backgroundColor": "#BA2B31",
            "height": 2,
            "width": "22.2%",
          },
        },
        "ref": null,
        "rendered": null,
        "type": [Function],
      },
      Object {
        "instance": null,
        "key": undefined,
        "nodeType": "class",
        "props": Object {
          "children": Array [
            <Grid
              container={true}
              justify="space-between"
            >
              <Typography>
                <b>
                  Saldo para investir 
                </b>
              </Typography>
              <Typography>
                <b>
                  R$ 3,500 00
                </b>
              </Typography>
            </Grid>,
            <Grid
              className="mt1"
              style={
                Object {
                  "backgroundColor": "#007CA3",
                  "height": 2,
                  "width": "77.8%",
                }
              }
            />,
          ],
        },
        "ref": null,
        "rendered": Array [
          Object {
            "instance": null,
            "key": undefined,
            "nodeType": "class",
            "props": Object {
              "children": Array [
                <Typography>
                  <b>
                    Saldo para investir 
                  </b>
                </Typography>,
                <Typography>
                  <b>
                    R$ 3,500 00
                  </b>
                </Typography>,
              ],
              "container": true,
              "justify": "space-between",
            },
            "ref": null,
            "rendered": Array [
              Object {
                "instance": null,
                "key": undefined,
                "nodeType": "class",
                "props": Object {
                  "children": <b>
                    Saldo para investir 
                  </b>,
                },
                "ref": null,
                "rendered": Object {
                  "instance": null,
                  "key": undefined,
                  "nodeType": "host",
                  "props": Object {
                    "children": "Saldo para investir ",
                  },
                  "ref": null,
                  "rendered": "Saldo para investir ",
                  "type": "b",
                },
                "type": [Function],
              },
              Object {
                "instance": null,
                "key": undefined,
                "nodeType": "class",
                "props": Object {
                  "children": <b>
                    R$ 3,500 00
                  </b>,
                },
                "ref": null,
                "rendered": Object {
                  "instance": null,
                  "key": undefined,
                  "nodeType": "host",
                  "props": Object {
                    "children": "R$ 3,500 00",
                  },
                  "ref": null,
                  "rendered": "R$ 3,500 00",
                  "type": "b",
                },
                "type": [Function],
              },
            ],
            "type": [Function],
          },
          Object {
            "instance": null,
            "key": undefined,
            "nodeType": "class",
            "props": Object {
              "className": "mt1",
              "style": Object {
                "backgroundColor": "#007CA3",
                "height": 2,
                "width": "77.8%",
              },
            },
            "ref": null,
            "rendered": null,
            "type": [Function],
          },
        ],
        "type": [Function],
      },
    ],
    "type": [Function],
  },
  Symbol(enzyme.__nodes__): Array [
    Object {
      "instance": null,
      "key": undefined,
      "nodeType": "class",
      "props": Object {
        "children": Array [
          <Grid
            container={true}
            justify="space-between"
          >
            <Typography>
              Rendas 
            </Typography>
            <Typography>
              R$ 4,500 00
            </Typography>
          </Grid>,
          <Grid
            className="mb3 mt1"
            style={
              Object {
                "backgroundColor": "#94BA1D",
                "height": 2,
                "width": "100%",
              }
            }
          />,
          <Grid
            container={true}
            justify="space-between"
          >
            <Typography>
              Despesas
            </Typography>
            <Typography>
              R$ 1,000 00
            </Typography>
          </Grid>,
          <Grid
            className="mb3 mt1"
            style={
              Object {
                "backgroundColor": "#BA2B31",
                "height": 2,
                "width": "22.2%",
              }
            }
          />,
          <Grid>
            <Grid
              container={true}
              justify="space-between"
            >
              <Typography>
                <b>
                  Saldo para investir 
                </b>
              </Typography>
              <Typography>
                <b>
                  R$ 3,500 00
                </b>
              </Typography>
            </Grid>
            <Grid
              className="mt1"
              style={
                Object {
                  "backgroundColor": "#007CA3",
                  "height": 2,
                  "width": "77.8%",
                }
              }
            />
          </Grid>,
        ],
        "className": "mb3",
        "container": true,
        "direction": "column",
      },
      "ref": null,
      "rendered": Array [
        Object {
          "instance": null,
          "key": undefined,
          "nodeType": "class",
          "props": Object {
            "children": Array [
              <Typography>
                Rendas 
              </Typography>,
              <Typography>
                R$ 4,500 00
              </Typography>,
            ],
            "container": true,
            "justify": "space-between",
          },
          "ref": null,
          "rendered": Array [
            Object {
              "instance": null,
              "key": undefined,
              "nodeType": "class",
              "props": Object {
                "children": "Rendas ",
              },
              "ref": null,
              "rendered": "Rendas ",
              "type": [Function],
            },
            Object {
              "instance": null,
              "key": undefined,
              "nodeType": "class",
              "props": Object {
                "children": "R$ 4,500 00",
              },
              "ref": null,
              "rendered": "R$ 4,500 00",
              "type": [Function],
            },
          ],
          "type": [Function],
        },
        Object {
          "instance": null,
          "key": undefined,
          "nodeType": "class",
          "props": Object {
            "className": "mb3 mt1",
            "style": Object {
              "backgroundColor": "#94BA1D",
              "height": 2,
              "width": "100%",
            },
          },
          "ref": null,
          "rendered": null,
          "type": [Function],
        },
        Object {
          "instance": null,
          "key": undefined,
          "nodeType": "class",
          "props": Object {
            "children": Array [
              <Typography>
                Despesas
              </Typography>,
              <Typography>
                R$ 1,000 00
              </Typography>,
            ],
            "container": true,
            "justify": "space-between",
          },
          "ref": null,
          "rendered": Array [
            Object {
              "instance": null,
              "key": undefined,
              "nodeType": "class",
              "props": Object {
                "children": "Despesas",
              },
              "ref": null,
              "rendered": "Despesas",
              "type": [Function],
            },
            Object {
              "instance": null,
              "key": undefined,
              "nodeType": "class",
              "props": Object {
                "children": "R$ 1,000 00",
              },
              "ref": null,
              "rendered": "R$ 1,000 00",
              "type": [Function],
            },
          ],
          "type": [Function],
        },
        Object {
          "instance": null,
          "key": undefined,
          "nodeType": "class",
          "props": Object {
            "className": "mb3 mt1",
            "style": Object {
              "backgroundColor": "#BA2B31",
              "height": 2,
              "width": "22.2%",
            },
          },
          "ref": null,
          "rendered": null,
          "type": [Function],
        },
        Object {
          "instance": null,
          "key": undefined,
          "nodeType": "class",
          "props": Object {
            "children": Array [
              <Grid
                container={true}
                justify="space-between"
              >
                <Typography>
                  <b>
                    Saldo para investir 
                  </b>
                </Typography>
                <Typography>
                  <b>
                    R$ 3,500 00
                  </b>
                </Typography>
              </Grid>,
              <Grid
                className="mt1"
                style={
                  Object {
                    "backgroundColor": "#007CA3",
                    "height": 2,
                    "width": "77.8%",
                  }
                }
              />,
            ],
          },
          "ref": null,
          "rendered": Array [
            Object {
              "instance": null,
              "key": undefined,
              "nodeType": "class",
              "props": Object {
                "children": Array [
                  <Typography>
                    <b>
                      Saldo para investir 
                    </b>
                  </Typography>,
                  <Typography>
                    <b>
                      R$ 3,500 00
                    </b>
                  </Typography>,
                ],
                "container": true,
                "justify": "space-between",
              },
              "ref": null,
              "rendered": Array [
                Object {
                  "instance": null,
                  "key": undefined,
                  "nodeType": "class",
                  "props": Object {
                    "children": <b>
                      Saldo para investir 
                    </b>,
                  },
                  "ref": null,
                  "rendered": Object {
                    "instance": null,
                    "key": undefined,
                    "nodeType": "host",
                    "props": Object {
                      "children": "Saldo para investir ",
                    },
                    "ref": null,
                    "rendered": "Saldo para investir ",
                    "type": "b",
                  },
                  "type": [Function],
                },
                Object {
                  "instance": null,
                  "key": undefined,
                  "nodeType": "class",
                  "props": Object {
                    "children": <b>
                      R$ 3,500 00
                    </b>,
                  },
                  "ref": null,
                  "rendered": Object {
                    "instance": null,
                    "key": undefined,
                    "nodeType": "host",
                    "props": Object {
                      "children": "R$ 3,500 00",
                    },
                    "ref": null,
                    "rendered": "R$ 3,500 00",
                    "type": "b",
                  },
                  "type": [Function],
                },
              ],
              "type": [Function],
            },
            Object {
              "instance": null,
              "key": undefined,
              "nodeType": "class",
              "props": Object {
                "className": "mt1",
                "style": Object {
                  "backgroundColor": "#007CA3",
                  "height": 2,
                  "width": "77.8%",
                },
              },
              "ref": null,
              "rendered": null,
              "type": [Function],
            },
          ],
          "type": [Function],
        },
      ],
      "type": [Function],
    },
  ],
  Symbol(enzyme.__options__): Object {
    "adapter": ReactSixteenAdapter {
      "options": Object {
        "enableComponentDidUpdateOnSetState": true,
        "legacyContextMode": "parent",
        "lifecycles": Object {
          "componentDidUpdate": Object {
            "onSetState": true,
          },
          "getChildContext": Object {
            "calledByRenderer": false,
          },
          "getDerivedStateFromProps": true,
          "getSnapshotBeforeUpdate": true,
          "setState": Object {
            "skipsComponentDidUpdateOnNullish": true,
          },
        },
      },
    },
  },
  Symbol(enzyme.__childContext__): null,
}
`;
